app/dashboard/integrations/page.tsx(99,26): error TS2322: Type 'string' is not assignable to type 'never'.
app/dashboard/page.tsx(60,15): error TS2322: Type 'string' is not assignable to type 'never'.
app/dashboard/page.tsx(60,35): error TS2322: Type '{ color: string; }' is not assignable to type 'never'.
app/dashboard/subscriptions/page.tsx(73,21): error TS2322: Type 'string' is not assignable to type 'never'.
components/sidebar.tsx(119,19): error TS2322: Type 'string' is not assignable to type 'never'.
